export const snapshot = {};

snapshot[`it can copy, compile and vendor entrypoints producing valid import maps 1`] = `
{
  imports: {
    "./client.tsx": "./client.9d29f9c0.js",
    "./src/app.tsx": "./src/app.62b16eca.js",
    "/stable/react@18.2.0/deno/react.js": "./vendor/browser/esm.sh/stable/react@18.2.0/deno/react.js",
    "/v92/react-dom@18.2.0/deno/react-dom.js": "./vendor/browser/esm.sh/v92/react-dom@18.2.0/deno/react-dom.js",
    "/v92/scheduler@0.23.0/deno/scheduler.js": "./vendor/browser/esm.sh/v92/scheduler@0.23.0/deno/scheduler.js",
    "https://deno.land/": "./vendor/browser/deno.land/",
    "https://esm.sh/": "./vendor/browser/esm.sh/",
    react: "./vendor/browser/esm.sh/stable/react@18.2.0/deno/react.js",
    "react-dom/client": "./vendor/browser/esm.sh/v92/react-dom@18.2.0/deno/client.js",
    "react/jsx-runtime": "./vendor/browser/esm.sh/stable/react@18.2.0/deno/jsx-runtime.js",
    "ultra/hooks/use-asset.js": "./vendor/browser/deno.land/x/ultra@v2.0.0-alpha.8/hooks/use-asset.js",
  },
  scopes: {},
}
`;

snapshot[`it can copy, compile and vendor entrypoints producing valid import maps 2`] = `
{
  imports: {
    "./server.js": "./server.js",
    "./src/app.tsx": "./src/app.62b16eca.js",
    "/stable/react@18.2.0/deno/react.js": "./vendor/server/esm.sh/stable/react@18.2.0/deno/react.js",
    "https://deno.land/": "./vendor/server/deno.land/",
    "https://esm.sh/": "./vendor/server/esm.sh/",
    react: "./vendor/server/esm.sh/stable/react@18.2.0/deno/react.js",
    "react-dom/server": "./vendor/server/esm.sh/v92/react-dom@18.2.0/deno/server.js",
    "react/jsx-runtime": "./vendor/server/esm.sh/stable/react@18.2.0/deno/jsx-runtime.js",
    "ultra/hooks/use-asset.js": "./vendor/server/deno.land/x/ultra@v2.0.0-alpha.8/hooks/use-asset.js",
    "ultra/server.ts": "./vendor/server/deno.land/x/ultra@v2.0.0-alpha.8/server.ts",
  },
  scopes: {},
}
`;
