export const snapshot = {};

snapshot[`it can copy, compile and vendor entrypoints producing valid import maps 1`] = `
{
  imports: {
    "./client.tsx": "./client.9d29f9c0.tsx",
    "./src/app.tsx": "./src/app.62b16eca.tsx",
    "/stable/react@18.2.0/deno/react.js": "./vendor/browser/esm.sh/stable/react@18.2.0/deno/react.js",
    "/v92/react-dom@18.2.0/deno/react-dom.js": "./vendor/browser/esm.sh/v92/react-dom@18.2.0/deno/react-dom.js",
    "/v92/scheduler@0.23.0/deno/scheduler.js": "./vendor/browser/esm.sh/v92/scheduler@0.23.0/deno/scheduler.js",
    "https://deno.land/x/ultra@v2.0.0-alpha.6/hooks/asset-context.js": "./vendor/browser/deno.land/x/ultra@v2.0.0-alpha.6/hooks/asset-context.js",
    "https://deno.land/x/ultra@v2.0.0-alpha.6/hooks/use-asset.js": "./vendor/browser/deno.land/x/ultra@v2.0.0-alpha.6/hooks/use-asset.js",
    "https://esm.sh/stable/react@18.2.0/deno/jsx-runtime.js?target=es2020": "./vendor/browser/esm.sh/stable/react@18.2.0/deno/jsx-runtime.js",
    "https://esm.sh/stable/react@18.2.0/deno/react.js?target=es2020": "./vendor/browser/esm.sh/stable/react@18.2.0/deno/react.js",
    "https://esm.sh/v92/react-dom@18.2.0/deno/client.js?target=es2020": "./vendor/browser/esm.sh/v92/react-dom@18.2.0/deno/client.js",
    "https://esm.sh/v92/react-dom@18.2.0/deno/react-dom.js?target=es2020": "./vendor/browser/esm.sh/v92/react-dom@18.2.0/deno/react-dom.js",
    "https://esm.sh/v92/scheduler@0.23.0/deno/scheduler.js?target=es2020": "./vendor/browser/esm.sh/v92/scheduler@0.23.0/deno/scheduler.js",
    react: "./vendor/browser/esm.sh/stable/react@18.2.0/deno/react.js",
    "react-dom/client": "./vendor/browser/esm.sh/v92/react-dom@18.2.0/deno/client.js",
    "react/jsx-runtime": "./vendor/browser/esm.sh/stable/react@18.2.0/deno/jsx-runtime.js",
    "ultra/hooks/use-asset.js": "./vendor/browser/deno.land/x/ultra@v2.0.0-alpha.6/hooks/use-asset.js",
  },
}
`;

snapshot[`it can copy, compile and vendor entrypoints producing valid import maps 2`] = `
{
  imports: {
    "./server.tsx": "./server.tsx",
    "./src/app.tsx": "./src/app.62b16eca.tsx",
    "/stable/react@18.2.0/deno/react.js": "./vendor/server/esm.sh/stable/react@18.2.0/deno/react.js",
    "https://deno.land/std@0.153.0/_util/assert.ts": "./vendor/server/deno.land/std@0.153.0/_util/assert.ts",
    "https://deno.land/std@0.153.0/encoding/base64.ts": "./vendor/server/deno.land/std@0.153.0/encoding/base64.ts",
    "https://deno.land/std@0.153.0/fmt/printf.ts": "./vendor/server/deno.land/std@0.153.0/fmt/printf.ts",
    "https://deno.land/std@0.153.0/http/server.ts": "./vendor/server/deno.land/std@0.153.0/http/server.ts",
    "https://deno.land/std@0.153.0/log/handlers.ts": "./vendor/server/deno.land/std@0.153.0/log/handlers.ts",
    "https://deno.land/std@0.153.0/log/levels.ts": "./vendor/server/deno.land/std@0.153.0/log/levels.ts",
    "https://deno.land/std@0.153.0/log/logger.ts": "./vendor/server/deno.land/std@0.153.0/log/logger.ts",
    "https://deno.land/std@0.153.0/log/mod.ts": "./vendor/server/deno.land/std@0.153.0/log/mod.ts",
    "https://deno.land/std@0.153.0/path/_constants.ts": "./vendor/server/deno.land/std@0.153.0/path/_constants.ts",
    "https://deno.land/std@0.153.0/path/_interface.ts": "./vendor/server/deno.land/std@0.153.0/path/_interface.ts",
    "https://deno.land/std@0.153.0/path/_util.ts": "./vendor/server/deno.land/std@0.153.0/path/_util.ts",
    "https://deno.land/std@0.153.0/path/common.ts": "./vendor/server/deno.land/std@0.153.0/path/common.ts",
    "https://deno.land/std@0.153.0/path/glob.ts": "./vendor/server/deno.land/std@0.153.0/path/glob.ts",
    "https://deno.land/std@0.153.0/path/mod.ts": "./vendor/server/deno.land/std@0.153.0/path/mod.ts",
    "https://deno.land/std@0.153.0/path/posix.ts": "./vendor/server/deno.land/std@0.153.0/path/posix.ts",
    "https://deno.land/std@0.153.0/path/separator.ts": "./vendor/server/deno.land/std@0.153.0/path/separator.ts",
    "https://deno.land/std@0.153.0/path/win32.ts": "./vendor/server/deno.land/std@0.153.0/path/win32.ts",
    "https://deno.land/std@0.153.0/streams/conversion.ts": "./vendor/server/deno.land/std@0.153.0/streams/conversion.ts",
    "https://deno.land/std@0.97.0/fmt/colors.ts": "./vendor/server/deno.land/std@0.97.0/fmt/colors.ts",
    "https://deno.land/x/hono@v2.0.9/compose.ts": "./vendor/server/deno.land/x/hono@v2.0.9/compose.ts",
    "https://deno.land/x/hono@v2.0.9/context.ts": "./vendor/server/deno.land/x/hono@v2.0.9/context.ts",
    "https://deno.land/x/hono@v2.0.9/deno/serve-static.ts": "./vendor/server/deno.land/x/hono@v2.0.9/deno/serve-static.ts",
    "https://deno.land/x/hono@v2.0.9/hono.ts": "./vendor/server/deno.land/x/hono@v2.0.9/hono.ts",
    "https://deno.land/x/hono@v2.0.9/middleware.ts": "./vendor/server/deno.land/x/hono@v2.0.9/middleware.ts",
    "https://deno.land/x/hono@v2.0.9/middleware/basic-auth/index.ts": "./vendor/server/deno.land/x/hono@v2.0.9/middleware/basic-auth/index.ts",
    "https://deno.land/x/hono@v2.0.9/middleware/bearer-auth/index.ts": "./vendor/server/deno.land/x/hono@v2.0.9/middleware/bearer-auth/index.ts",
    "https://deno.land/x/hono@v2.0.9/middleware/compress/index.ts": "./vendor/server/deno.land/x/hono@v2.0.9/middleware/compress/index.ts",
    "https://deno.land/x/hono@v2.0.9/middleware/cors/index.ts": "./vendor/server/deno.land/x/hono@v2.0.9/middleware/cors/index.ts",
    "https://deno.land/x/hono@v2.0.9/middleware/etag/index.ts": "./vendor/server/deno.land/x/hono@v2.0.9/middleware/etag/index.ts",
    "https://deno.land/x/hono@v2.0.9/middleware/html/index.ts": "./vendor/server/deno.land/x/hono@v2.0.9/middleware/html/index.ts",
    "https://deno.land/x/hono@v2.0.9/middleware/jsx/index.ts": "./vendor/server/deno.land/x/hono@v2.0.9/middleware/jsx/index.ts",
    "https://deno.land/x/hono@v2.0.9/middleware/jwt/index.ts": "./vendor/server/deno.land/x/hono@v2.0.9/middleware/jwt/index.ts",
    "https://deno.land/x/hono@v2.0.9/middleware/logger/index.ts": "./vendor/server/deno.land/x/hono@v2.0.9/middleware/logger/index.ts",
    "https://deno.land/x/hono@v2.0.9/middleware/powered-by/index.ts": "./vendor/server/deno.land/x/hono@v2.0.9/middleware/powered-by/index.ts",
    "https://deno.land/x/hono@v2.0.9/middleware/pretty-json/index.ts": "./vendor/server/deno.land/x/hono@v2.0.9/middleware/pretty-json/index.ts",
    "https://deno.land/x/hono@v2.0.9/mod.ts": "./vendor/server/deno.land/x/hono@v2.0.9/mod.ts",
    "https://deno.land/x/hono@v2.0.9/request.ts": "./vendor/server/deno.land/x/hono@v2.0.9/request.ts",
    "https://deno.land/x/hono@v2.0.9/router.ts": "./vendor/server/deno.land/x/hono@v2.0.9/router.ts",
    "https://deno.land/x/hono@v2.0.9/utils/body.ts": "./vendor/server/deno.land/x/hono@v2.0.9/utils/body.ts",
    "https://deno.land/x/hono@v2.0.9/utils/cookie.ts": "./vendor/server/deno.land/x/hono@v2.0.9/utils/cookie.ts",
    "https://deno.land/x/hono@v2.0.9/utils/filepath.ts": "./vendor/server/deno.land/x/hono@v2.0.9/utils/filepath.ts",
    "https://deno.land/x/hono@v2.0.9/utils/mime.ts": "./vendor/server/deno.land/x/hono@v2.0.9/utils/mime.ts",
    "https://deno.land/x/hono@v2.0.9/utils/url.ts": "./vendor/server/deno.land/x/hono@v2.0.9/utils/url.ts",
    "https://deno.land/x/tty@0.1.4/ansi_regex.ts": "./vendor/server/deno.land/x/tty@0.1.4/ansi_regex.ts",
    "https://deno.land/x/tty@0.1.4/combining.ts": "./vendor/server/deno.land/x/tty@0.1.4/combining.ts",
    "https://deno.land/x/tty@0.1.4/is_interactive.ts": "./vendor/server/deno.land/x/tty@0.1.4/is_interactive.ts",
    "https://deno.land/x/tty@0.1.4/mod.ts": "./vendor/server/deno.land/x/tty@0.1.4/mod.ts",
    "https://deno.land/x/tty@0.1.4/strip_ansi.ts": "./vendor/server/deno.land/x/tty@0.1.4/strip_ansi.ts",
    "https://deno.land/x/tty@0.1.4/tty_async.ts": "./vendor/server/deno.land/x/tty@0.1.4/tty_async.ts",
    "https://deno.land/x/tty@0.1.4/tty_sync.ts": "./vendor/server/deno.land/x/tty@0.1.4/tty_sync.ts",
    "https://deno.land/x/tty@0.1.4/util.ts": "./vendor/server/deno.land/x/tty@0.1.4/util.ts",
    "https://deno.land/x/tty@0.1.4/wcwidth.ts": "./vendor/server/deno.land/x/tty@0.1.4/wcwidth.ts",
    "https://deno.land/x/ultra@v2.0.0-alpha.6/hooks/asset-context.js": "./vendor/server/deno.land/x/ultra@v2.0.0-alpha.6/hooks/asset-context.js",
    "https://deno.land/x/ultra@v2.0.0-alpha.6/hooks/use-asset.js": "./vendor/server/deno.land/x/ultra@v2.0.0-alpha.6/hooks/use-asset.js",
    "https://deno.land/x/ultra@v2.0.0-alpha.6/lib/constants.ts": "./vendor/server/deno.land/x/ultra@v2.0.0-alpha.6/lib/constants.ts",
    "https://deno.land/x/ultra@v2.0.0-alpha.6/lib/deps.ts": "./vendor/server/deno.land/x/ultra@v2.0.0-alpha.6/lib/deps.ts",
    "https://deno.land/x/ultra@v2.0.0-alpha.6/lib/logger.ts": "./vendor/server/deno.land/x/ultra@v2.0.0-alpha.6/lib/logger.ts",
    "https://deno.land/x/ultra@v2.0.0-alpha.6/lib/middleware/compiler.ts": "./vendor/server/deno.land/x/ultra@v2.0.0-alpha.6/lib/middleware/compiler.ts",
    "https://deno.land/x/ultra@v2.0.0-alpha.6/lib/middleware/serveCompiled.ts": "./vendor/server/deno.land/x/ultra@v2.0.0-alpha.6/lib/middleware/serveCompiled.ts",
    "https://deno.land/x/ultra@v2.0.0-alpha.6/lib/middleware/serveStatic.ts": "./vendor/server/deno.land/x/ultra@v2.0.0-alpha.6/lib/middleware/serveStatic.ts",
    "https://deno.land/x/ultra@v2.0.0-alpha.6/lib/render.ts": "./vendor/server/deno.land/x/ultra@v2.0.0-alpha.6/lib/render.ts",
    "https://deno.land/x/ultra@v2.0.0-alpha.6/lib/server.ts": "./vendor/server/deno.land/x/ultra@v2.0.0-alpha.6/lib/server.ts",
    "https://deno.land/x/ultra@v2.0.0-alpha.6/lib/stream.ts": "./vendor/server/deno.land/x/ultra@v2.0.0-alpha.6/lib/stream.ts",
    "https://deno.land/x/ultra@v2.0.0-alpha.6/lib/types.ts": "./vendor/server/deno.land/x/ultra@v2.0.0-alpha.6/lib/types.ts",
    "https://deno.land/x/ultra@v2.0.0-alpha.6/lib/ultra.ts": "./vendor/server/deno.land/x/ultra@v2.0.0-alpha.6/lib/ultra.ts",
    "https://deno.land/x/ultra@v2.0.0-alpha.6/lib/utils/import-map.ts": "./vendor/server/deno.land/x/ultra@v2.0.0-alpha.6/lib/utils/import-map.ts",
    "https://deno.land/x/ultra@v2.0.0-alpha.6/lib/utils/non-nullable.ts": "./vendor/server/deno.land/x/ultra@v2.0.0-alpha.6/lib/utils/non-nullable.ts",
    "https://deno.land/x/ultra@v2.0.0-alpha.6/lib/utils/url.ts": "./vendor/server/deno.land/x/ultra@v2.0.0-alpha.6/lib/utils/url.ts",
    "https://deno.land/x/ultra@v2.0.0-alpha.6/server.ts": "./vendor/server/deno.land/x/ultra@v2.0.0-alpha.6/server.ts",
    "https://deno.land/x/wait@0.1.12/deps.ts": "./vendor/server/deno.land/x/wait@0.1.12/deps.ts",
    "https://deno.land/x/wait@0.1.12/log_symbols.ts": "./vendor/server/deno.land/x/wait@0.1.12/log_symbols.ts",
    "https://deno.land/x/wait@0.1.12/mod.ts": "./vendor/server/deno.land/x/wait@0.1.12/mod.ts",
    "https://deno.land/x/wait@0.1.12/spinners.ts": "./vendor/server/deno.land/x/wait@0.1.12/spinners.ts",
    "https://esm.sh/stable/react@18.2.0/deno/jsx-runtime.js?target=es2020": "./vendor/server/esm.sh/stable/react@18.2.0/deno/jsx-runtime.js",
    "https://esm.sh/stable/react@18.2.0/deno/react.js?target=es2020": "./vendor/server/esm.sh/stable/react@18.2.0/deno/react.js",
    "https://esm.sh/v92/react-dom@18.2.0/deno/server.js?target=es2020": "./vendor/server/esm.sh/v92/react-dom@18.2.0/deno/server.js",
    react: "./vendor/server/esm.sh/stable/react@18.2.0/deno/react.js",
    "react-dom/server": "./vendor/server/esm.sh/v92/react-dom@18.2.0/deno/server.js",
    "react/jsx-runtime": "./vendor/server/esm.sh/stable/react@18.2.0/deno/jsx-runtime.js",
    "ultra/hooks/use-asset.js": "./vendor/server/deno.land/x/ultra@v2.0.0-alpha.6/hooks/use-asset.js",
    "ultra/server.ts": "./vendor/server/deno.land/x/ultra@v2.0.0-alpha.6/server.ts",
  },
}
`;
